To honour the JVM settings for this build a single-use Daemon process will be forked. For more on this, please refer to https://docs.gradle.org/9.2.1/userguide/gradle_daemon.html#sec:disabling_the_daemon in the Gradle documentation.
Daemon will be stopped at the end of the build 
Reusing configuration cache.

> Task :createMinecraftArtifacts
Loaded 131 artifacts from /data/data/com.termux/files/home/LethalGuard/build/tmp/createMinecraftArtifacts/nfrt_artifact_manifest.properties
[1m*** Started working on [4mdownloadJson[23;0m[23;0m
 [1m[92m✓[23;0m Completed [4mdownloadJson[23;0m in 0.08s
[1m*** Started working on [4mdownloadClientMappings[23;0m[23;0m
[1m*** Started working on [4mdownloadClient[23;0m[23;0m
[1m*** Started working on [4mdownloadServer[23;0m[23;0m
 [1m[92m✓[23;0m Completed [4mdownloadServer[23;0m in 0.12s
 [1m[92m✓[23;0m Completed [4mdownloadClient[23;0m in 0.12s
 [1m[92m✓[23;0m Completed [4mdownloadClientMappings[23;0m in 0.12s
[1m*** Started working on [4mmergeMappings[23;0m[23;0m
 [1m[92m♻[23;0m Used cache of [4mmergeMappings[23;0m in 0.01s
[1m*** Started working on [4mstripClient[23;0m[23;0m
 [1m[92m♻[23;0m Used cache of [4mstripClient[23;0m in 0.01s
[1m*** Started working on [4mextractServer[23;0m[23;0m
 [1m[92m♻[23;0m Used cache of [4mextractServer[23;0m in 0.01s
[1m*** Started working on [4mstripServer[23;0m[23;0m
 [1m[92m♻[23;0m Used cache of [4mstripServer[23;0m in 0.00s
[1m*** Started working on [4mmerge[23;0m[23;0m
 [1m[92m♻[23;0m Used cache of [4mmerge[23;0m in 0.00s
[1m*** Started working on [4mrename[23;0m[23;0m
 [1m[92m♻[23;0m Used cache of [4mrename[23;0m in 0.00s
[1m*** Started working on [4mdecompile[23;0m[23;0m
 ↳ Running external tool org.vineflower:vineflower:1.10.1
